
> react-typescript-starter@0.1.0 test
> react-scripts test --coverage

PASS src/App.test.tsx
  ✓ renders the course name somewhere (47 ms)

----------------------|---------|----------|---------|---------|-------------------
File                  | % Stmts | % Branch | % Funcs | % Lines | Uncovered Line #s 
----------------------|---------|----------|---------|---------|-------------------
All files             |    0.91 |        0 |    2.38 |    0.92 |                   
 src                  |    0.91 |        0 |    2.38 |    0.92 |                   
  App.tsx             |     100 |      100 |     100 |     100 |                   
  BoardSquare.tsx     |       0 |        0 |       0 |       0 | 14-27             
  DolphinDropDown.tsx |       0 |        0 |       0 |       0 | 10-31             
  FishDropDown.tsx    |       0 |        0 |       0 |       0 | 10-31             
  Overlay.tsx         |       0 |      100 |       0 |       0 | 7-8               
  Pic.tsx             |       0 |        0 |       0 |       0 | 7-34              
  Square.tsx          |       0 |        0 |       0 |       0 | 7-11              
  TurtleDropDown.tsx  |       0 |        0 |       0 |       0 | 11-32             
  animalattributes.ts |       0 |      100 |       0 |       0 | 4-26              
  board2.tsx          |       0 |        0 |       0 |       0 | 7-36              
  constants.ts        |       0 |      100 |     100 |       0 | 1                 
  dragdrop.tsx        |       0 |        0 |       0 |       0 | 9-46              
  game.ts             |       0 |        0 |       0 |       0 | 1-27              
  onClick.tsx         |       0 |        0 |       0 |       0 | 9-22              
 src/interfaces       |       0 |        0 |       0 |       0 |                   
  animals.ts          |       0 |        0 |       0 |       0 |                   
  image.ts            |       0 |        0 |       0 |       0 |                   
----------------------|---------|----------|---------|---------|-------------------
Test Suites: 1 passed, 1 total
Tests:       1 passed, 1 total
Snapshots:   0 total
Time:        3.049 s
Ran all test suites.
